
> portfolio@4.7.9 build
> vite build

[36mvite v7.3.1 [32mbuilding client environment for production...[36m[39m
transforming...
[32mΓ£ô[39m 29 modules transformed.
npm : [31mΓ£ù[39m Build 
failed in 265ms
At line:1 char:1
+ npm run build > 
build_error.log 2>&1
+ ~~~~~~~~~~~~~~~~~~~~~~~~~~~
~~~~~~~~~
    + CategoryInfo           
   : NotSpecified: ([31mΓ£  
  ù[39m Build failed in 2   
 65ms:String) [], RemoteE    
xception
    + FullyQualifiedErrorId  
   : NativeCommandError
 
[31merror during build:
[31m[vite]: Rollup failed 
to resolve import "react-pdf/
dist/esm/Page/AnnotationLayer
.css" from "E:/lResume/My_Por
tfolio/src/pages/Resume.jsx".
This is most likely 
unintended because it can 
break your application at 
runtime.
If you do want to 
externalize this module 
explicitly add it to
`build.rollupOptions.external
`[31m
    at viteLog (file:///E:/lR
esume/My_Portfolio/node_modul
es/vite/dist/node/chunks/conf
ig.js:33635:57)
    at file:///E:/lResume/My_
Portfolio/node_modules/vite/d
ist/node/chunks/config.js:336
69:73
    at onwarn (file:///E:/lRe
sume/My_Portfolio/node_module
s/@vitejs/plugin-react/dist/i
ndex.js:76:7)
    at file:///E:/lResume/My_
Portfolio/node_modules/vite/d
ist/node/chunks/config.js:336
69:28
    at onRollupLog (file:///E
:/lResume/My_Portfolio/node_m
odules/vite/dist/node/chunks/
config.js:33664:63)
    at onLog (file:///E:/lRes
ume/My_Portfolio/node_modules
/vite/dist/node/chunks/config
.js:33467:4)
    at file:///E:/lResume/My_
Portfolio/node_modules/rollup
/dist/es/shared/node-entry.js
:21081:32
    at Object.logger [as 
onLog] (file:///E:/lResume/My
_Portfolio/node_modules/rollu
p/dist/es/shared/node-entry.j
s:22968:9)
    at ModuleLoader.handleInv
alidResolvedId (file:///E:/lR
esume/My_Portfolio/node_modul
es/rollup/dist/es/shared/node
-entry.js:21712:26)
    at file:///E:/lResume/My_
Portfolio/node_modules/rollup
/dist/es/shared/node-entry.js
:21670:26[39m
